\BOOKMARK [1][-]{section.1}{\376\377\000I\000n\000t\000r\000o\000d\000u\000\347\000\343\000o}{}% 1
\BOOKMARK [1][-]{section.2}{\376\377\000E\000s\000t\000r\000u\000t\000u\000r\000a\000\040\000I\000d\000e\000a\000l\000\040\000d\000a\000\040\000A\000p\000r\000e\000s\000e\000n\000t\000a\000\347\000\343\000o}{}% 2
\BOOKMARK [1][-]{section.3}{\376\377\0001\000.\000\040\000A\000b\000e\000r\000t\000u\000r\000a\000\040\000d\000a\000\040\000A\000p\000r\000e\000s\000e\000n\000t\000a\000\347\000\343\000o}{}% 3
\BOOKMARK [2][-]{subsection.3.1}{\376\377\000F\000r\000a\000s\000e\000\040\000R\000e\000c\000o\000m\000e\000n\000d\000a\000d\000a}{section.3}% 4
\BOOKMARK [2][-]{subsection.3.2}{\376\377\000O\000b\000j\000e\000t\000i\000v\000o\000\040\000d\000a\000\040\000a\000b\000e\000r\000t\000u\000r\000a}{section.3}% 5
\BOOKMARK [1][-]{section.4}{\376\377\0002\000.\000\040\000J\000u\000s\000t\000i\000f\000i\000c\000a\000t\000i\000v\000a\000\040\000d\000a\000\040\000P\000e\000s\000q\000u\000i\000s\000a}{}% 6
\BOOKMARK [2][-]{subsection.4.1}{\376\377\000P\000r\000o\000b\000l\000e\000m\000a\000s\000\040\000R\000e\000a\000i\000s\000\040\000d\000a\000\040\000R\000o\000b\000\363\000t\000i\000c\000a}{section.4}% 7
\BOOKMARK [2][-]{subsection.4.2}{\376\377\000E\000n\000f\000o\000q\000u\000e\000\040\000C\000i\000e\000n\000t\000\355\000f\000i\000c\000o}{section.4}% 8
\BOOKMARK [2][-]{subsection.4.3}{\376\377\000J\000u\000s\000t\000i\000f\000i\000c\000a\000t\000i\000v\000a\000\040\000C\000e\000n\000t\000r\000a\000l}{section.4}% 9
\BOOKMARK [1][-]{section.5}{\376\377\0003\000.\000\040\000R\000e\000v\000i\000s\000\343\000o\000\040\000d\000a\000\040\000L\000i\000t\000e\000r\000a\000t\000u\000r\000a}{}% 10
\BOOKMARK [2][-]{subsection.5.1}{\376\377\000P\000r\000i\000n\000c\000i\000p\000a\000i\000s\000\040\000R\000e\000f\000e\000r\000\352\000n\000c\000i\000a\000s}{section.5}% 11
\BOOKMARK [2][-]{subsection.5.2}{\376\377\000L\000a\000c\000u\000n\000a\000\040\000d\000a\000\040\000L\000i\000t\000e\000r\000a\000t\000u\000r\000a}{section.5}% 12
\BOOKMARK [1][-]{section.6}{\376\377\0004\000.\000\040\000O\000b\000j\000e\000t\000i\000v\000o\000s}{}% 13
\BOOKMARK [2][-]{subsection.6.1}{\376\377\000O\000b\000j\000e\000t\000i\000v\000o\000\040\000G\000e\000r\000a\000l}{section.6}% 14
\BOOKMARK [2][-]{subsection.6.2}{\376\377\000O\000b\000j\000e\000t\000i\000v\000o\000s\000\040\000E\000s\000p\000e\000c\000\355\000f\000i\000c\000o\000s}{section.6}% 15
\BOOKMARK [1][-]{section.7}{\376\377\0005\000.\000\040\000M\000e\000t\000o\000d\000o\000l\000o\000g\000i\000a}{}% 16
\BOOKMARK [2][-]{subsection.7.1}{\376\377\0005\000.\0001\000\040\000V\000i\000s\000\343\000o\000\040\000G\000e\000r\000a\000l\000\040\000d\000a\000\040\000M\000e\000t\000o\000d\000o\000l\000o\000g\000i\000a}{section.7}% 17
\BOOKMARK [2][-]{subsection.7.2}{\376\377\0005\000.\0002\000\040\000M\000o\000d\000e\000l\000a\000g\000e\000m\000\040\000M\000a\000t\000e\000m\000\341\000t\000i\000c\000a\000\040\000d\000a\000s\000\040\000I\000n\000c\000e\000r\000t\000e\000z\000a\000s}{section.7}% 18
\BOOKMARK [3][-]{subsubsection.7.2.1}{\376\377\000M\000o\000d\000e\000l\000o\000\040\000d\000e\000\040\000M\000o\000v\000i\000m\000e\000n\000t\000o}{subsection.7.2}% 19
\BOOKMARK [3][-]{subsubsection.7.2.2}{\376\377\000M\000o\000d\000e\000l\000o\000\040\000d\000e\000\040\000O\000b\000s\000e\000r\000v\000a\000\347\000\343\000o}{subsection.7.2}% 20
\BOOKMARK [2][-]{subsection.7.3}{\376\377\0005\000.\0003\000\040\000F\000i\000l\000t\000r\000o\000\040\000B\000a\000y\000e\000s\000i\000a\000n\000o\000\040\040\024\000\040\000E\000s\000t\000r\000u\000t\000u\000r\000a\000\040\000C\000o\000m\000p\000l\000e\000t\000a}{section.7}% 21
\BOOKMARK [3][-]{subsubsection.7.3.1}{\376\377\000P\000r\000e\000d\000i\000\347\000\343\000o}{subsection.7.3}% 22
\BOOKMARK [3][-]{subsubsection.7.3.2}{\376\377\000C\000o\000r\000r\000e\000\347\000\343\000o}{subsection.7.3}% 23
\BOOKMARK [3][-]{subsubsection.7.3.3}{\376\377\000F\000i\000l\000t\000r\000o\000\040\000B\000a\000y\000e\000s\000i\000a\000n\000o\000:\000\040\000E\000x\000p\000l\000i\000c\000a\000\347\000\343\000o\000\040\000T\000e\000r\000m\000o\000\040\000a\000\040\000T\000e\000r\000m\000o}{subsection.7.3}% 24
\BOOKMARK [2][-]{subsection.7.4}{\376\377\0005\000.\0004\000\040\000M\000\351\000t\000o\000d\000o\000s\000\040\000C\000o\000n\000s\000i\000d\000e\000r\000a\000d\000o\000s}{section.7}% 25
\BOOKMARK [2][-]{subsection.7.5}{\376\377\0005\000.\0005\000\040\000C\000l\000a\000s\000s\000i\000f\000i\000c\000a\000d\000o\000r\000\040\000P\000r\000o\000b\000a\000b\000i\000l\000\355\000s\000t\000i\000c\000o}{section.7}% 26
\BOOKMARK [2][-]{subsection.7.6}{\376\377\000C\000l\000a\000s\000s\000i\000f\000i\000c\000a\000d\000o\000r\000\040\000P\000r\000o\000b\000a\000b\000i\000l\000\355\000s\000t\000i\000c\000o\000\040\000n\000a\000\040\000M\000e\000t\000o\000d\000o\000l\000o\000g\000i\000a}{section.7}% 27
\BOOKMARK [2][-]{subsection.7.7}{\376\377\0005\000.\0006\000\040\000I\000n\000t\000e\000g\000r\000a\000\347\000\343\000o\000\040\000F\000i\000l\000t\000r\000o\000\040\000+\000\040\000C\000l\000a\000s\000s\000i\000f\000i\000c\000a\000d\000o\000r}{section.7}% 28
\BOOKMARK [2][-]{subsection.7.8}{\376\377\0005\000.\0007\000\040\000O\000t\000i\000m\000i\000z\000a\000\347\000\343\000o\000\040\000p\000a\000r\000a\000\040\000H\000a\000r\000d\000w\000a\000r\000e\000\040\000E\000m\000b\000a\000r\000c\000a\000d\000o}{section.7}% 29
\BOOKMARK [1][-]{section.8}{\376\377\0006\000.\000\040\000C\000o\000n\000t\000r\000i\000b\000u\000i\000\347\000\365\000e\000s\000\040\000E\000s\000p\000e\000r\000a\000d\000a\000s}{}% 30
\BOOKMARK [1][-]{section.9}{\376\377\0007\000.\000\040\000C\000o\000m\000p\000o\000r\000t\000a\000m\000e\000n\000t\000o\000\040\000D\000i\000a\000n\000t\000e\000\040\000d\000a\000\040\000B\000a\000n\000c\000a}{}% 31
\BOOKMARK [2][-]{subsection.9.1}{\376\377\000P\000o\000s\000t\000u\000r\000a}{section.9}% 32
\BOOKMARK [2][-]{subsection.9.2}{\376\377\000F\000r\000a\000s\000e\000s\000\040\000q\000u\000e\000\040\000t\000r\000a\000n\000s\000m\000i\000t\000e\000m\000\040\000m\000a\000t\000u\000r\000i\000d\000a\000d\000e}{section.9}% 33
\BOOKMARK [1][-]{section.10}{\376\377\0008\000.\000\040\000C\000o\000m\000o\000\040\000R\000e\000s\000p\000o\000n\000d\000e\000r\000\040\000P\000e\000r\000g\000u\000n\000t\000a\000s\000\040\000D\000i\000f\000\355\000c\000e\000i\000s}{}% 34
\BOOKMARK [2][-]{subsection.10.1}{\376\377\000E\000s\000t\000r\000a\000t\000\351\000g\000i\000a\000\040\000e\000m\000\040\000T\000r\000\352\000s\000\040\000E\000t\000a\000p\000a\000s}{section.10}% 35
\BOOKMARK [2][-]{subsection.10.2}{\376\377\000S\000e\000\040\000n\000\343\000o\000\040\000s\000o\000u\000b\000e\000r\000\040\000r\000e\000s\000p\000o\000n\000d\000e\000r}{section.10}% 36
\BOOKMARK [1][-]{section.11}{\376\377\0009\000.\000\040\000P\000o\000n\000t\000o\000s\000\040\000F\000o\000r\000t\000e\000s\000\040\000d\000a\000\040\000S\000u\000a\000\040\000P\000e\000s\000q\000u\000i\000s\000a}{}% 37
\BOOKMARK [1][-]{section.12}{\376\377\000C\000o\000n\000c\000l\000u\000s\000\343\000o}{}% 38
